
Discarded input sections

 .group         0x00000000        0xc clock.o
 .group         0x00000000        0xc clock.o
 .group         0x00000000        0xc clock.o
 .group         0x00000000        0xc clock.o
 .group         0x00000000        0xc clock.o
 .group         0x00000000        0xc clock.o
 .group         0x00000000        0xc clock.o
 .group         0x00000000        0xc clock.o
 .group         0x00000000        0xc clock.o
 .group         0x00000000        0xc clock.o
 .group         0x00000000        0xc clock.o
 .group         0x00000000        0xc clock.o
 .group         0x00000000        0xc clock.o
 .group         0x00000000        0xc clock.o
 .group         0x00000000        0xc clock.o
 .group         0x00000000        0xc exti.o
 .group         0x00000000        0xc exti.o
 .group         0x00000000        0xc exti.o
 .group         0x00000000        0xc exti.o
 .group         0x00000000        0xc exti.o
 .group         0x00000000        0xc exti.o
 .group         0x00000000        0xc exti.o
 .group         0x00000000        0xc exti.o
 .group         0x00000000        0xc exti.o
 .group         0x00000000        0xc exti.o
 .group         0x00000000        0xc exti.o
 .group         0x00000000        0xc exti.o
 .group         0x00000000        0xc exti.o
 .group         0x00000000        0xc exti.o
 .group         0x00000000        0xc exti.o
 .debug_macro   0x00000000      0xade exti.o
 .debug_macro   0x00000000       0x22 exti.o
 .debug_macro   0x00000000       0x8e exti.o
 .debug_macro   0x00000000       0x51 exti.o
 .debug_macro   0x00000000      0x103 exti.o
 .debug_macro   0x00000000       0x6a exti.o
 .debug_macro   0x00000000      0x1df exti.o
 .debug_macro   0x00000000       0x3b exti.o
 .debug_macro   0x00000000       0x1c exti.o
 .debug_macro   0x00000000       0x22 exti.o
 .debug_macro   0x00000000       0xfb exti.o
 .debug_macro   0x00000000     0x1305 exti.o
 .debug_macro   0x00000000      0x11f exti.o
 .debug_macro   0x00000000       0x27 exti.o
 .debug_macro   0x00000000    0x216c1 exti.o
 .group         0x00000000        0xc gpio.o
 .group         0x00000000        0xc gpio.o
 .group         0x00000000        0xc gpio.o
 .group         0x00000000        0xc gpio.o
 .group         0x00000000        0xc gpio.o
 .group         0x00000000        0xc gpio.o
 .group         0x00000000        0xc gpio.o
 .group         0x00000000        0xc gpio.o
 .group         0x00000000        0xc gpio.o
 .group         0x00000000        0xc gpio.o
 .group         0x00000000        0xc gpio.o
 .group         0x00000000        0xc gpio.o
 .group         0x00000000        0xc gpio.o
 .group         0x00000000        0xc gpio.o
 .group         0x00000000        0xc gpio.o
 .debug_macro   0x00000000      0xade gpio.o
 .debug_macro   0x00000000       0x22 gpio.o
 .debug_macro   0x00000000       0x8e gpio.o
 .debug_macro   0x00000000       0x51 gpio.o
 .debug_macro   0x00000000      0x103 gpio.o
 .debug_macro   0x00000000       0x6a gpio.o
 .debug_macro   0x00000000      0x1df gpio.o
 .debug_macro   0x00000000       0x3b gpio.o
 .debug_macro   0x00000000       0x1c gpio.o
 .debug_macro   0x00000000       0x22 gpio.o
 .debug_macro   0x00000000       0xfb gpio.o
 .debug_macro   0x00000000     0x1305 gpio.o
 .debug_macro   0x00000000      0x11f gpio.o
 .debug_macro   0x00000000       0x27 gpio.o
 .debug_macro   0x00000000    0x216c1 gpio.o
 .group         0x00000000        0xc main.o
 .group         0x00000000        0xc main.o
 .group         0x00000000        0xc main.o
 .group         0x00000000        0xc main.o
 .group         0x00000000        0xc main.o
 .group         0x00000000        0xc main.o
 .group         0x00000000        0xc main.o
 .group         0x00000000        0xc main.o
 .group         0x00000000        0xc main.o
 .group         0x00000000        0xc main.o
 .group         0x00000000        0xc main.o
 .group         0x00000000        0xc main.o
 .group         0x00000000        0xc main.o
 .group         0x00000000        0xc main.o
 .group         0x00000000        0xc main.o
 .debug_macro   0x00000000      0xade main.o
 .debug_macro   0x00000000       0x22 main.o
 .debug_macro   0x00000000       0x8e main.o
 .debug_macro   0x00000000       0x51 main.o
 .debug_macro   0x00000000      0x103 main.o
 .debug_macro   0x00000000       0x6a main.o
 .debug_macro   0x00000000      0x1df main.o
 .debug_macro   0x00000000       0x3b main.o
 .debug_macro   0x00000000       0x1c main.o
 .debug_macro   0x00000000       0x22 main.o
 .debug_macro   0x00000000       0xfb main.o
 .debug_macro   0x00000000     0x1305 main.o
 .debug_macro   0x00000000      0x11f main.o
 .debug_macro   0x00000000       0x27 main.o
 .debug_macro   0x00000000    0x216c1 main.o
 .group         0x00000000        0xc nvic.o
 .group         0x00000000        0xc nvic.o
 .group         0x00000000        0xc nvic.o
 .group         0x00000000        0xc nvic.o
 .group         0x00000000        0xc nvic.o
 .group         0x00000000        0xc nvic.o
 .group         0x00000000        0xc nvic.o
 .group         0x00000000        0xc nvic.o
 .group         0x00000000        0xc nvic.o
 .group         0x00000000        0xc nvic.o
 .group         0x00000000        0xc nvic.o
 .group         0x00000000        0xc nvic.o
 .group         0x00000000        0xc nvic.o
 .group         0x00000000        0xc nvic.o
 .group         0x00000000        0xc nvic.o
 .debug_macro   0x00000000      0xade nvic.o
 .debug_macro   0x00000000       0x22 nvic.o
 .debug_macro   0x00000000       0x8e nvic.o
 .debug_macro   0x00000000       0x51 nvic.o
 .debug_macro   0x00000000      0x103 nvic.o
 .debug_macro   0x00000000       0x6a nvic.o
 .debug_macro   0x00000000      0x1df nvic.o
 .debug_macro   0x00000000       0x3b nvic.o
 .debug_macro   0x00000000       0x1c nvic.o
 .debug_macro   0x00000000       0x22 nvic.o
 .debug_macro   0x00000000       0xfb nvic.o
 .debug_macro   0x00000000     0x1305 nvic.o
 .debug_macro   0x00000000      0x11f nvic.o
 .debug_macro   0x00000000       0x27 nvic.o
 .debug_macro   0x00000000    0x216c1 nvic.o

Memory Configuration

Name             Origin             Length             Attributes
ITCMRAM          0x00000000         0x00010000         xrw
RAM              0x20000000         0x00020000         xrw
FLASH            0x08000000         0x00100000         xr
RAM_D1           0x24000000         0x00050000         xrw
RAM_D2           0x30000000         0x00008000         xrw
RAM_D3           0x38000000         0x00004000         xrw
*default*        0x00000000         0xffffffff

Linker script and memory map

LOAD clock.o
LOAD exti.o
LOAD gpio.o
LOAD main.o
LOAD nvic.o
LOAD startup.o
                0x20020000                        _estack = 0x20020000
                0x00000200                        _Min_Heap_Size = 0x200
                0x00000400                        _Min_Stack_Size = 0x400

.isr_vector     0x08000000      0x2cc
                0x08000000                        . = ALIGN (0x4)
 *(.isr_vector)
 .isr_vector    0x08000000      0x2cc startup.o
                0x08000000                g_pfnVectors
                0x080002cc                        . = ALIGN (0x4)

.text           0x080002cc      0x294
                0x080002cc                        . = ALIGN (0x4)
 *(.text)
 .text          0x080002cc       0x60 clock.o
                0x080002cc                clock_peripherals_init
 .text          0x0800032c       0xa4 exti.o
                0x0800032c                exti_init
                0x08000360                EXTI15_10_IRQHandler
 .text          0x080003d0      0x10c gpio.o
                0x080003d0                gpio_init
                0x0800040c                gpio_toggle
                0x08000450                gpio_on
                0x08000494                gpio_off
 .text          0x080004dc       0x14 main.o
                0x080004dc                main
 .text          0x080004f0       0x10 nvic.o
                0x080004f0                nvic_enable
 .text          0x08000500       0x14 startup.o
 *(.text*)
 .text.Reset_Handler
                0x08000514       0x48 startup.o
                0x08000514                Reset_Handler
 .text.Default_Handler
                0x0800055c        0x2 startup.o
                0x0800055c                RTC_Alarm_IRQHandler
                0x0800055c                EXTI2_IRQHandler
                0x0800055c                TIM8_CC_IRQHandler
                0x0800055c                DebugMon_Handler
                0x0800055c                UART8_IRQHandler
                0x0800055c                SPI4_IRQHandler
                0x0800055c                FDCAN3_IT0_IRQHandler
                0x0800055c                TIM1_CC_IRQHandler
                0x0800055c                BDMA_Channel6_IRQHandler
                0x0800055c                DMA2_Stream5_IRQHandler
                0x0800055c                HardFault_Handler
                0x0800055c                DMA1_Stream5_IRQHandler
                0x0800055c                CORDIC_IRQHandler
                0x0800055c                SysTick_Handler
                0x0800055c                BDMA_Channel1_IRQHandler
                0x0800055c                TAMP_STAMP_IRQHandler
                0x0800055c                PendSV_Handler
                0x0800055c                NMI_Handler
                0x0800055c                EXTI3_IRQHandler
                0x0800055c                LPTIM4_IRQHandler
                0x0800055c                TIM8_TRG_COM_TIM14_IRQHandler
                0x0800055c                LPTIM2_IRQHandler
                0x0800055c                DFSDM1_FLT1_IRQHandler
                0x0800055c                DMAMUX2_OVR_IRQHandler
                0x0800055c                TIM8_UP_TIM13_IRQHandler
                0x0800055c                I2C3_ER_IRQHandler
                0x0800055c                DFSDM1_FLT2_IRQHandler
                0x0800055c                I2C5_EV_IRQHandler
                0x0800055c                USART10_IRQHandler
                0x0800055c                MDMA_IRQHandler
                0x0800055c                LPTIM3_IRQHandler
                0x0800055c                HSEM1_IRQHandler
                0x0800055c                EXTI0_IRQHandler
                0x0800055c                I2C2_EV_IRQHandler
                0x0800055c                DMA1_Stream2_IRQHandler
                0x0800055c                FPU_IRQHandler
                0x0800055c                OTG_HS_WKUP_IRQHandler
                0x0800055c                FDCAN1_IT1_IRQHandler
                0x0800055c                UsageFault_Handler
                0x0800055c                LTDC_ER_IRQHandler
                0x0800055c                DMA2_Stream2_IRQHandler
                0x0800055c                SPI1_IRQHandler
                0x0800055c                OCTOSPI1_IRQHandler
                0x0800055c                TIM6_DAC_IRQHandler
                0x0800055c                DMA2_Stream3_IRQHandler
                0x0800055c                OCTOSPI2_IRQHandler
                0x0800055c                DFSDM1_FLT3_IRQHandler
                0x0800055c                TIM23_IRQHandler
                0x0800055c                USART6_IRQHandler
                0x0800055c                TIM17_IRQHandler
                0x0800055c                USART3_IRQHandler
                0x0800055c                BDMA_Channel7_IRQHandler
                0x0800055c                LPTIM5_IRQHandler
                0x0800055c                UART5_IRQHandler
                0x0800055c                ADC3_IRQHandler
                0x0800055c                DMA2_Stream0_IRQHandler
                0x0800055c                TIM4_IRQHandler
                0x0800055c                BDMA_Channel2_IRQHandler
                0x0800055c                I2C1_EV_IRQHandler
                0x0800055c                DMA1_Stream6_IRQHandler
                0x0800055c                DMAMUX1_OVR_IRQHandler
                0x0800055c                DMA1_Stream1_IRQHandler
                0x0800055c                TIM16_IRQHandler
                0x0800055c                UART4_IRQHandler
                0x0800055c                BDMA_Channel5_IRQHandler
                0x0800055c                TIM3_IRQHandler
                0x0800055c                RCC_IRQHandler
                0x0800055c                UART9_IRQHandler
                0x0800055c                TIM8_BRK_TIM12_IRQHandler
                0x0800055c                TIM1_TRG_COM_IRQHandler
                0x0800055c                Default_Handler
                0x0800055c                ECC_IRQHandler
                0x0800055c                FMAC_IRQHandler
                0x0800055c                CEC_IRQHandler
                0x0800055c                BDMA_Channel0_IRQHandler
                0x0800055c                ADC_IRQHandler
                0x0800055c                I2C5_ER_IRQHandler
                0x0800055c                DMA1_Stream7_IRQHandler
                0x0800055c                SPI5_IRQHandler
                0x0800055c                TIM7_IRQHandler
                0x0800055c                FDCAN3_IT1_IRQHandler
                0x0800055c                SDMMC1_IRQHandler
                0x0800055c                TIM5_IRQHandler
                0x0800055c                DMA2_Stream7_IRQHandler
                0x0800055c                TIM15_IRQHandler
                0x0800055c                PVD_AVD_IRQHandler
                0x0800055c                I2C3_EV_IRQHandler
                0x0800055c                EXTI9_5_IRQHandler
                0x0800055c                RTC_WKUP_IRQHandler
                0x0800055c                LTDC_IRQHandler
                0x0800055c                ETH_WKUP_IRQHandler
                0x0800055c                SPDIF_RX_IRQHandler
                0x0800055c                SPI2_IRQHandler
                0x0800055c                OTG_HS_EP1_IN_IRQHandler
                0x0800055c                MemManage_Handler
                0x0800055c                DMA1_Stream0_IRQHandler
                0x0800055c                TIM24_IRQHandler
                0x0800055c                SVC_Handler
                0x0800055c                CRS_IRQHandler
                0x0800055c                EXTI4_IRQHandler
                0x0800055c                RNG_IRQHandler
                0x0800055c                FDCAN2_IT1_IRQHandler
                0x0800055c                ETH_IRQHandler
                0x0800055c                TIM1_UP_IRQHandler
                0x0800055c                BDMA_Channel4_IRQHandler
                0x0800055c                OTG_HS_EP1_OUT_IRQHandler
                0x0800055c                WWDG_IRQHandler
                0x0800055c                SPI6_IRQHandler
                0x0800055c                MDIOS_IRQHandler
                0x0800055c                I2C4_EV_IRQHandler
                0x0800055c                FDCAN2_IT0_IRQHandler
                0x0800055c                LPUART1_IRQHandler
                0x0800055c                FDCAN1_IT0_IRQHandler
                0x0800055c                TIM2_IRQHandler
                0x0800055c                OTG_HS_IRQHandler
                0x0800055c                DMA2D_IRQHandler
                0x0800055c                TIM1_BRK_IRQHandler
                0x0800055c                EXTI1_IRQHandler
                0x0800055c                SDMMC2_IRQHandler
                0x0800055c                BDMA_Channel3_IRQHandler
                0x0800055c                DTS_IRQHandler
                0x0800055c                UART7_IRQHandler
                0x0800055c                MDIOS_WKUP_IRQHandler
                0x0800055c                USART2_IRQHandler
                0x0800055c                DFSDM1_FLT0_IRQHandler
                0x0800055c                SAI4_IRQHandler
                0x0800055c                I2C2_ER_IRQHandler
                0x0800055c                DMA2_Stream1_IRQHandler
                0x0800055c                FLASH_IRQHandler
                0x0800055c                DMA2_Stream4_IRQHandler
                0x0800055c                BusFault_Handler
                0x0800055c                USART1_IRQHandler
                0x0800055c                SPI3_IRQHandler
                0x0800055c                WAKEUP_PIN_IRQHandler
                0x0800055c                DMA1_Stream4_IRQHandler
                0x0800055c                I2C1_ER_IRQHandler
                0x0800055c                FMC_IRQHandler
                0x0800055c                FDCAN_CAL_IRQHandler
                0x0800055c                SWPMI1_IRQHandler
                0x0800055c                COMP1_IRQHandler
                0x0800055c                LPTIM1_IRQHandler
                0x0800055c                DCMI_PSSI_IRQHandler
                0x0800055c                I2C4_ER_IRQHandler
                0x0800055c                DMA2_Stream6_IRQHandler
                0x0800055c                SAI1_IRQHandler
                0x0800055c                DMA1_Stream3_IRQHandler
 *(.glue_7)
 .glue_7        0x0800055e        0x0 linker stubs
 *(.glue_7t)
 .glue_7t       0x0800055e        0x0 linker stubs
 *(.eh_frame)
 *(.init)
 *(.fini)
                0x08000560                        . = ALIGN (0x4)
 *fill*         0x0800055e        0x2 
                0x08000560                        _etext = .

.vfp11_veneer   0x08000560        0x0
 .vfp11_veneer  0x08000560        0x0 linker stubs

.v4_bx          0x08000560        0x0
 .v4_bx         0x08000560        0x0 linker stubs

.iplt           0x08000560        0x0
 .iplt          0x08000560        0x0 exti.o

.rel.dyn        0x08000560        0x0
 .rel.iplt      0x08000560        0x0 exti.o

.rodata         0x08000560        0x0
                0x08000560                        . = ALIGN (0x4)
 *(.rodata)
 *(.rodata*)
                0x08000560                        . = ALIGN (0x4)

.ARM.extab
 *(.ARM.extab* .gnu.linkonce.armextab.*)

.ARM            0x08000560        0x0
                0x08000560                        __exidx_start = .
 *(.ARM.exidx*)
                0x08000560                        __exidx_end = .

.preinit_array  0x08000560        0x0
                [!provide]                        PROVIDE (__preinit_array_start = .)
 *(.preinit_array*)
                [!provide]                        PROVIDE (__preinit_array_end = .)

.init_array     0x08000560        0x0
                [!provide]                        PROVIDE (__init_array_start = .)
 *(SORT_BY_NAME(.init_array.*))
 *(.init_array*)
                [!provide]                        PROVIDE (__init_array_end = .)

.fini_array     0x08000560        0x0
                [!provide]                        PROVIDE (__fini_array_start = .)
 *(SORT_BY_NAME(.fini_array.*))
 *(.fini_array*)
                [!provide]                        PROVIDE (__fini_array_end = .)
                0x08000560                        _sidata = LOADADDR (.data)

.data           0x20000000        0x0 load address 0x08000560
                0x20000000                        . = ALIGN (0x4)
                0x20000000                        _sdata = .
 *(.data)
 .data          0x20000000        0x0 clock.o
 .data          0x20000000        0x0 exti.o
 .data          0x20000000        0x0 gpio.o
 .data          0x20000000        0x0 main.o
 .data          0x20000000        0x0 nvic.o
 .data          0x20000000        0x0 startup.o
 *(.data*)
 *(.RamFunc)
 *(.RamFunc*)
                0x20000000                        . = ALIGN (0x4)
                0x20000000                        _edata = .

.igot.plt       0x20000000        0x0 load address 0x08000560
 .igot.plt      0x20000000        0x0 exti.o
                0x20000000                        . = ALIGN (0x4)

.bss            0x20000000        0x0 load address 0x08000560
                0x20000000                        _sbss = .
                0x20000000                        __bss_start__ = _sbss
 *(.bss)
 .bss           0x20000000        0x0 clock.o
 .bss           0x20000000        0x0 exti.o
 .bss           0x20000000        0x0 gpio.o
 .bss           0x20000000        0x0 main.o
 .bss           0x20000000        0x0 nvic.o
 .bss           0x20000000        0x0 startup.o
 *(.bss*)
 *(COMMON)
                0x20000000                        . = ALIGN (0x4)
                0x20000000                        _ebss = .
                0x20000000                        __bss_end__ = _ebss

._user_heap_stack
                0x20000000      0x600 load address 0x08000560
                0x20000000                        . = ALIGN (0x8)
                [!provide]                        PROVIDE (end = .)
                [!provide]                        PROVIDE (_end = .)
                0x20000200                        . = (. + _Min_Heap_Size)
 *fill*         0x20000000      0x200 
                0x20000600                        . = (. + _Min_Stack_Size)
 *fill*         0x20000200      0x400 
                0x20000600                        . = ALIGN (0x8)

/DISCARD/
 libc.a(*)
 libm.a(*)
 libgcc.a(*)

.ARM.attributes
                0x00000000       0x30
 *(.ARM.attributes)
 .ARM.attributes
                0x00000000       0x32 clock.o
 .ARM.attributes
                0x00000032       0x32 exti.o
 .ARM.attributes
                0x00000064       0x32 gpio.o
 .ARM.attributes
                0x00000096       0x32 main.o
 .ARM.attributes
                0x000000c8       0x32 nvic.o
 .ARM.attributes
                0x000000fa       0x21 startup.o
OUTPUT(final.elf elf32-littlearm)
LOAD linker stubs
LOAD /opt/arm-gnu-toolchain-14.2.rel1-x86_64-arm-none-eabi/bin/../lib/gcc/arm-none-eabi/14.2.1/../../../../arm-none-eabi/lib/libc.a
LOAD /opt/arm-gnu-toolchain-14.2.rel1-x86_64-arm-none-eabi/bin/../lib/gcc/arm-none-eabi/14.2.1/../../../../arm-none-eabi/lib/libm.a
LOAD /opt/arm-gnu-toolchain-14.2.rel1-x86_64-arm-none-eabi/bin/../lib/gcc/arm-none-eabi/14.2.1/libgcc.a

.debug_info     0x00000000      0xf70
 .debug_info    0x00000000      0x463 clock.o
 .debug_info    0x00000463      0x670 exti.o
 .debug_info    0x00000ad3      0x1fe gpio.o
 .debug_info    0x00000cd1       0xc8 main.o
 .debug_info    0x00000d99      0x1d7 nvic.o

.debug_abbrev   0x00000000      0x451
 .debug_abbrev  0x00000000       0xdb clock.o
 .debug_abbrev  0x000000db      0x13e exti.o
 .debug_abbrev  0x00000219      0x109 gpio.o
 .debug_abbrev  0x00000322       0x64 main.o
 .debug_abbrev  0x00000386       0xcb nvic.o

.debug_aranges  0x00000000       0xa0
 .debug_aranges
                0x00000000       0x20 clock.o
 .debug_aranges
                0x00000020       0x20 exti.o
 .debug_aranges
                0x00000040       0x20 gpio.o
 .debug_aranges
                0x00000060       0x20 main.o
 .debug_aranges
                0x00000080       0x20 nvic.o

.debug_macro    0x00000000    0x23fc0
 .debug_macro   0x00000000       0xc7 clock.o
 .debug_macro   0x000000c7      0xade clock.o
 .debug_macro   0x00000ba5       0x22 clock.o
 .debug_macro   0x00000bc7       0x8e clock.o
 .debug_macro   0x00000c55       0x51 clock.o
 .debug_macro   0x00000ca6      0x103 clock.o
 .debug_macro   0x00000da9       0x6a clock.o
 .debug_macro   0x00000e13      0x1df clock.o
 .debug_macro   0x00000ff2       0x3b clock.o
 .debug_macro   0x0000102d       0x1c clock.o
 .debug_macro   0x00001049       0x22 clock.o
 .debug_macro   0x0000106b       0xfb clock.o
 .debug_macro   0x00001166     0x1305 clock.o
 .debug_macro   0x0000246b      0x11f clock.o
 .debug_macro   0x0000258a       0x27 clock.o
 .debug_macro   0x000025b1    0x216c1 clock.o
 .debug_macro   0x00023c72       0xdb exti.o
 .debug_macro   0x00023d4d       0xc7 gpio.o
 .debug_macro   0x00023e14       0xe5 main.o
 .debug_macro   0x00023ef9       0xc7 nvic.o

.debug_line     0x00000000      0xf2b
 .debug_line    0x00000000      0x2f3 clock.o
 .debug_line    0x000002f3      0x32e exti.o
 .debug_line    0x00000621      0x391 gpio.o
 .debug_line    0x000009b2      0x2cb main.o
 .debug_line    0x00000c7d      0x2ae nvic.o

.debug_str      0x00000000    0xcf50d
 .debug_str     0x00000000    0xcf50d clock.o
                              0xcf50e (size before relaxing)
 .debug_str     0x000cf50d    0xcf48b exti.o
 .debug_str     0x000cf50d    0xcf330 gpio.o
 .debug_str     0x000cf50d    0xcf304 main.o
 .debug_str     0x000cf50d    0xcf342 nvic.o

.comment        0x00000000       0x45
 .comment       0x00000000       0x45 clock.o
                                 0x46 (size before relaxing)
 .comment       0x00000045       0x46 exti.o
 .comment       0x00000045       0x46 gpio.o
 .comment       0x00000045       0x46 main.o
 .comment       0x00000045       0x46 nvic.o

.debug_frame    0x00000000       0xf8
 .debug_frame   0x00000000       0x28 clock.o
 .debug_frame   0x00000028       0x38 exti.o
 .debug_frame   0x00000060       0x50 gpio.o
 .debug_frame   0x000000b0       0x28 main.o
 .debug_frame   0x000000d8       0x20 nvic.o

.debug_loclists
                0x00000000      0x142
 .debug_loclists
                0x00000000      0x142 gpio.o
